// Jest Snapshot v1, https://goo.gl/fbAQLP

exports[`App component renders an App 1`] = `
<Colors
  colors={
    Array [
      Object {
        "name": "purple",
        "rgb": Object {
          "blue": 89,
          "green": 39,
          "red": 70,
        },
      },
      Object {
        "name": "maroon",
        "rgb": Object {
          "blue": 62,
          "green": 39,
          "red": 89,
        },
      },
      Object {
        "name": "vivid blue",
        "rgb": Object {
          "blue": 229,
          "green": 144,
          "red": 0,
        },
      },
    ]
  }
/>
`;
